Microsoft Windows [Version 10.0.18362.1016]
(c) 2019 Microsoft Corporation. All rights reserved.

C:\Users\User\AndroidStudioProjects\Project-Magang>git add .

C:\Users\User\AndroidStudioProjects\Project-Magang>git commit -m "firstastri"

*** Please tell me who you are.

Run

  git config --global user.email "you@example.com"
  git config --global user.name "Your Name"

to set your account's default identity.
Omit --global to set the identity only in this repository.

fatal: unable to auto-detect email address (got 'User@Astri.(none)')

C:\Users\User\AndroidStudioProjects\Project-Magang>git commit -m "firstastri"

*** Please tell me who you are.

Run

  git config --global user.email "you@example.com"
  git config --global user.name "Your Name"

to set your account's default identity.
Omit --global to set the identity only in this repository.

fatal: unable to auto-detect email address (got 'User@Astri.(none)')

C:\Users\User\AndroidStudioProjects\Project-Magang>git commit -m "firstastri"

*** Please tell me who you are.

Run

  git config --global user.email "you@example.com"
  git config --global user.name "Your Name"

to set your account's default identity.
Omit --global to set the identity only in this repository.

fatal: unable to auto-detect email address (got 'User@Astri.(none)')

C:\Users\User\AndroidStudioProjects\Project-Magang>git commit -m "firstastri"

*** Please tell me who you are.

Run

  git config --global user.email "you@example.com"
  git config --global user.name "Your Name"

to set your account's default identity.
Omit --global to set the identity only in this repository.

fatal: unable to auto-detect email address (got 'User@Astri.(none)')

C:\Users\User\AndroidStudioProjects\Project-Magang>git commit -m "firstastri"

*** Please tell me who you are.

Run

  git config --global user.email "you@example.com"
  git config --global user.name "Your Name"

to set your account's default identity.
Omit --global to set the identity only in this repository.

fatal: unable to auto-detect email address (got 'User@Astri.(none)')

C:\Users\User\AndroidStudioProjects\Project-Magang>git commit -m "firstastri"

*** Please tell me who you are.

Run

  git config --global user.email "you@example.com"
  git config --global user.name "Your Name"

to set your account's default identity.
Omit --global to set the identity only in this repository.

fatal: unable to auto-detect email address (got 'User@Astri.(none)')

C:\Users\User\AndroidStudioProjects\Project-Magang>git config --global user.email "you@example.com"

C:\Users\User\AndroidStudioProjects\Project-Magang>git config --global user.email "astripur26@gmail.com"

C:\Users\User\AndroidStudioProjects\Project-Magang>git config --global user.name "astri"

C:\Users\User\AndroidStudioProjects\Project-Magang>git commit -m "firstastri"
[belajar 02e5fb1] firstastri
 6 files changed, 153 insertions(+), 14 deletions(-)
 create mode 100644 .idea/.name
 create mode 100644 app/src/main/java/com/example/sinow/belajarangkalevel2.kt
 create mode 100644 app/src/main/res/layout/activity_belajarangkalevel2.xml

C:\Users\User\AndroidStudioProjects\Project-Magang>git push origin belajar
Logon failed, use ctrl+c to cancel basic credential prompt.
Username for 'https://github.com': astri26
Password for 'https://astri26@github.com':
remote: Permission to kristinamey/Project-Magang.git denied to astri26.
fatal: unable to access 'https://github.com/kristinamey/Project-Magang.git/': The requested URL returned error: 403

C:\Users\User\AndroidStudioProjects\Project-Magang>git push origin belajar
remote: Permission to kristinamey/Project-Magang.git denied to astri26.
fatal: unable to access 'https://github.com/kristinamey/Project-Magang.git/': The requested URL returned error: 403

C:\Users\User\AndroidStudioProjects\Project-Magang>git remmote https://github.com/kristinamey/Project-Magang.git
git: 'remmote' is not a git command. See 'git --help'.

The most similar command is
        remote

C:\Users\User\AndroidStudioProjects\Project-Magang>git remote https://github.com/kristinamey/Project-Magang.git
error: Unknown subcommand: https://github.com/kristinamey/Project-Magang.git
usage: git remote [-v | --verbose]
   or: git remote add [-t <branch>] [-m <master>] [-f] [--tags | --no-tags] [--mirror=<fetch|push>] <name> <url>
   or: git remote rename <old> <new>
   or: git remote remove <name>
   or: git remote set-head <name> (-a | --auto | -d | --delete | <branch>)
   or: git remote [-v | --verbose] show [-n] <name>
   or: git remote prune [-n | --dry-run] <name>
   or: git remote [-v | --verbose] update [-p | --prune] [(<group> | <remote>)...]
   or: git remote set-branches [--add] <name> <branch>...
   or: git remote get-url [--push] [--all] <name>
   or: git remote set-url [--push] <name> <newurl> [<oldurl>]
   or: git remote set-url --add <name> <newurl>
   or: git remote set-url --delete <name> <url>

    -v, --verbose         be verbose; must be placed before a subcommand


C:\Users\User\AndroidStudioProjects\Project-Magang>git remote git@github.com:kristinamey/Project-Magang.git
error: Unknown subcommand: git@github.com:kristinamey/Project-Magang.git
usage: git remote [-v | --verbose]
   or: git remote add [-t <branch>] [-m <master>] [-f] [--tags | --no-tags] [--mirror=<fetch|push>] <name> <url>
   or: git remote rename <old> <new>
   or: git remote remove <name>
   or: git remote set-head <name> (-a | --auto | -d | --delete | <branch>)
   or: git remote [-v | --verbose] show [-n] <name>
   or: git remote prune [-n | --dry-run] <name>
   or: git remote [-v | --verbose] update [-p | --prune] [(<group> | <remote>)...]
   or: git remote set-branches [--add] <name> <branch>...
   or: git remote get-url [--push] [--all] <name>
   or: git remote set-url [--push] <name> <newurl> [<oldurl>]
   or: git remote set-url --add <name> <newurl>
   or: git remote set-url --delete <name> <url>

    -v, --verbose         be verbose; must be placed before a subcommand


C:\Users\User\AndroidStudioProjects\Project-Magang>git remote add git@github.com:kristinamey/Project-Magang.git
usage: git remote add [<options>] <name> <url>

    -f, --fetch           fetch the remote branches
    --tags                import all tags and associated objects when fetching
                          or do not fetch any tag at all (--no-tags)
    -t, --track <branch>  branch(es) to track
    -m, --master <branch>
                          master branch
    --mirror[=(push|fetch)]
                          set up remote as a mirror to push to or fetch from


C:\Users\User\AndroidStudioProjects\Project-Magang>git remote add git@github.com:kristinamey/Project-Magang.git
usage: git remote add [<options>] <name> <url>

    -f, --fetch           fetch the remote branches
    --tags                import all tags and associated objects when fetching
                          or do not fetch any tag at all (--no-tags)
    -t, --track <branch>  branch(es) to track
    -m, --master <branch>
                          master branch
    --mirror[=(push|fetch)]
                          set up remote as a mirror to push to or fetch from


C:\Users\User\AndroidStudioProjects\Project-Magang>git status
On branch belajar
nothing to commit, working tree clean

C:\Users\User\AndroidStudioProjects\Project-Magang>git oush
git: 'oush' is not a git command. See 'git --help'.

The most similar command is
        push

C:\Users\User\AndroidStudioProjects\Project-Magang>git push
fatal: The current branch belajar has no upstream branch.
To push the current branch and set the remote as upstream, use

    git push --set-upstream origin belajar


C:\Users\User\AndroidStudioProjects\Project-Magang>git push --set-upstream origin belajar
remote: Permission to kristinamey/Project-Magang.git denied to astri26.
fatal: unable to access 'https://github.com/kristinamey/Project-Magang.git/': The requested URL returned error: 403

C:\Users\User\AndroidStudioProjects\Project-Magang>git push --set-upstream origin belajar
Enumerating objects: 34, done.
Counting objects: 100% (34/34), done.
Delta compression using up to 8 threads
Compressing objects: 100% (15/15), done.
Writing objects: 100% (19/19), 2.33 KiB | 35.00 KiB/s, done.
Total 19 (delta 9), reused 0 (delta 0)
remote: Resolving deltas: 100% (9/9), completed with 9 local objects.
remote:
remote: Create a pull request for 'belajar' on GitHub by visiting:
remote:      https://github.com/kristinamey/Project-Magang/pull/new/belajar
remote:
To https://github.com/kristinamey/Project-Magang.git
 * [new branch]      belajar -> belajar
Branch 'belajar' set up to track remote branch 'belajar' from 'origin'.

C:\Users\User\AndroidStudioProjects\Project-Magang>
